  console.log
    Renderer script started loading...

      at Object.log (src/renderer.js:1:9)

  console.log
    MIDI Access initialized

      at MidiManager.log [as init] (src/midi-manager.js:19:21)

  console.log
    MIDI Input set to: Simulation MIDI Device

      at MidiManager.log [as setInput] (src/midi-manager.js:41:21)

node.exe : FAIL tests/simulation.test.js
At line:1 char:1
+ & "C:\Program Files\nodejs/node.exe" "C:\Program 
Files\nodejs/node_mo ...
+ ~~~~~~~~~~~~~~~~~~~~~~~~~~~~~~~~~~~~~~~~~~~~~~~~~~~~~~~~
~~~~~~~~~~~~~
    + CategoryInfo          : NotSpecified: (FAIL tests/s 
   imulation.test.js:String) [], RemoteException
    + FullyQualifiedErrorId : NativeCommandError
 
  Simulation: Full Workflow
    ├ù User Workflow: Load -> Connect -> Play -> Analyze 
-> Verify (583 ms)

  ΓùÅ Simulation: Full Workflow ΓÇ║ User Workflow: Load 
-> Connect -> Play -> Analyze -> Verify

    expect(received).toContain(expected) // indexOf

    Expected substring: "C4"
    Received string:    "
                Waiting for input...
            "

    [0m [90m 107 |[39m         [36mconst[39m 
activeNotes [33m=[39m document[33m.[39mgetElementById(
[32m'activeNotesDisplay'[39m)[33m;[39m
     [90m 108 |[39m
    [31m[1m>[22m[39m[90m 109 |[39m         expect(ac
tiveNotes[33m.[39mtextContent)[33m.[39mtoContain([32m
'C4'[39m)[33m;[39m
     [90m     |[39m                                     
    [31m[1m^[22m[39m
     [90m 110 |[39m         expect(chordDisplay[33m.[3
9mtextContent)[33m.[39mtoMatch([35m/(\?|-)/[39m)[33m;
[39m [90m// Expect '?' or '-'[39m
     [90m 111 |[39m
     [90m 112 |[39m         [90m// Note 2: E4 
(64)[39m[0m

      at Object.toContain 
(tests/simulation.test.js:109:41)

Test Suites: 1 failed, 1 total
Tests:       1 failed, 1 total
Snapshots:   0 total
Time:        1.239 s
Ran all test suites matching tests/simulation.test.js.
